### 分区管理工具

Linux中分区管理工具有以下这些：

列出块设备

* `lsblk`

创建分区使用：

* `fdisk`: 创建`MBR`分区
* `gdisk`: 创建`GPT`分区
* `parted`: 高级分区操作

重新设置内存中的内核分区表版本

* `partprobe`

#### `parted`命令

parted的操作都是实时生效的，小心使用。

用法：

```bash
parted 	[选项]... [设备 [命令 [参数]...]...] 
# 对/dev/sdb进行分区，msdos表示mbr分区
parted /dev/sdb mklabel gpt|msdos
# 显示/dev/sdb分区信息
parted /dev/sdb print
# 对/dev/sdb进行分区
parted /dev/sdb	mkpart primary 1 200  #（默认M） 
# 删除分区
parted /dev/sdb	rm 1
# 列出分区信息
parted –l 
```

##### `parted`示例

1. 列出分区信息

```bash
[root@mylinuxops ~]# parted -l
Error: /dev/vdb: unrecognised disk label
Model: Virtio Block Device (virtblk)                                      
Disk /dev/vdb: 53.7GB
Sector size (logical/physical): 512B/512B
Partition Table: unknown
Disk Flags: 

Model: Virtio Block Device (virtblk)
Disk /dev/vda: 215GB
Sector size (logical/physical): 512B/512B
Partition Table: msdos
Disk Flags: 

Number  Start   End    Size    Type     File system     Flags
 1      1049kB  525MB  524MB   primary  ext4            boot
 2      525MB   213GB  212GB   primary  ext4
 3      213GB   215GB  2147MB  primary  linux-swap(v1)
```

2. 创建分区信息

```bash
[root@mylinuxops ~]# parted /dev/vdb mklabel gpt
Information: You may need to update /etc/fstab.
```

3. 打印分区信息

```bash
# 此为刚才创建的分区，由于还没有分区，分区表为空
[root@mylinuxops ~]# parted /dev/vdb print
Model: Virtio Block Device (virtblk)
Disk /dev/vdb: 53.7GB
Sector size (logical/physical): 512B/512B
Partition Table: gpt
Disk Flags: 

Number  Start  End  Size  File system  Name  Flags
```

4. 对vdb进行分区

```bash
[root@mylinuxops ~]# parted /dev/vdb mkpart primary 1 10240
Information: You may need to update /etc/fstab.
# 分区后再次查看分区信息
[root@mylinuxops ~]# parted /dev/vdb print
Model: Virtio Block Device (virtblk)
Disk /dev/vdb: 53.7GB
Sector size (logical/physical): 512B/512B
Partition Table: gpt
Disk Flags: 

Number  Start   End     Size    File system  Name     Flags
 1      1049kB  10.2GB  10.2GB               primary
```

5. 再次进行分区

```bash
# 再次分区时，起始点为前一次的END位置+1
[root@mylinuxops ~]# parted /dev/vdb mkpart primary 10241 20480
Information: You may need to update /etc/fstab.
# 分区后再次查看分区信息
[root@mylinuxops ~]# parted /dev/vdb print
Model: Virtio Block Device (virtblk)
Disk /dev/vdb: 53.7GB
Sector size (logical/physical): 512B/512B
Partition Table: gpt
Disk Flags: 

Number  Start   End     Size    File system  Name     Flags
 1      1049kB  10.2GB  10.2GB               primary
 2      10.2GB  20.5GB  10.2GB               primary
```

6. 删除分区

```bash
# 将分区表中的Number为2的分区删除
[root@mylinuxops ~]# parted /dev/vdb rm 2
Information: You may need to update /etc/fstab.
# 查看分区表信息
[root@mylinuxops ~]# parted /dev/vdb print                                
Model: Virtio Block Device (virtblk)
Disk /dev/vdb: 53.7GB
Sector size (logical/physical): 512B/512B
Partition Table: gpt
Disk Flags: 

Number  Start   End     Size    File system  Name     Flags
 1      1049kB  10.2GB  10.2GB               primary
```

7. `gpt`分区和`mbr`分区只能存在一个，且不能相互转换。若将`gpt`分区转为`mbr`分区，原有数据将不存在。

```bash
# 转换为mbr分区
[root@mylinuxops ~]# parted /dev/vdb mklabel msdos
Warning: The existing disk label on /dev/vdb will be destroyed and all data on this disk will be lost. Do you want to continue?
Yes/No? yes                                                               
Information: You may need to update /etc/fstab.
# 显示分区信息，原有的gpt分区没有了
[root@mylinuxops ~]# parted /dev/vdb print
Model: Virtio Block Device (virtblk)
Disk /dev/vdb: 53.7GB
Sector size (logical/physical): 512B/512B
Partition Table: msdos
Disk Flags: 

Number  Start  End  Size  Type  File system  Flags

```

#### 分区工具`fdisk`和`gdis`k

gdisk是用来给gpt分区进行分区的工具，其功能类似与fdisk。

```bash
# 对sdb进行gpt分区管理
gdisk /dev/sdb
```

fdisk用于对mbr分区进行分区

```bash
# 查看分区信息
fdisk -l [-u] [device...]
# 对sdb分区进行mbr分区管理
fdisk /dev/sdb
```

子命令：

* `p`分区列表
* `t`: 更改分区类型
* `n`: 创建新分区
* `d`: 删除分区
* `v`: 校验分区
* `u`: 转换单位
* `w`: 保存并退出
* `q`: 不保存并退出
##### fdisk示例

1. 查看vdb的分区信息

```bash
[root@mylinuxops ~]# fdisk -l /dev/vdb
Disk /dev/vdb: 50 GiB, 53687091200 bytes, 104857600 sectors
Units: sectors of 1 * 512 = 512 bytes
Sector size (logical/physical): 512 bytes / 512 bytes
I/O size (minimum/optimal): 512 bytes / 512 bytes
Disklabel type: dos
Disk identifier: 0x5b803719
```

2. 对vdb进行分区

```bash
[root@mylinuxops ~]# fdisk /dev/vdb

Welcome to fdisk (util-linux 2.32.1).
Changes will remain in memory only, until you decide to write them.
Be careful before using the write command.

# 使用m选项查看帮助，此为CentOS8的fdisk与CentOS6、7略有区别
Command (m for help): m

Help:

  DOS (MBR)
   a   toggle a bootable flag
   b   edit nested BSD disklabel
   c   toggle the dos compatibility flag

  Generic
   d   delete a partition
   F   list free unpartitioned space
   l   list known partition types
   n   add a new partition
   p   print the partition table
   t   change a partition type
   v   verify the partition table
   i   print information about a partition

  Misc
   m   print this menu
   u   change display/entry units
   x   extra functionality (experts only)

  Script
   I   load disk layout from sfdisk script file
   O   dump disk layout to sfdisk script file

  Save & Exit
   w   write table to disk and exit
   q   quit without saving changes

  Create a new label
   g   create a new empty GPT partition table
   G   create a new empty SGI (IRIX) partition table
   o   create a new empty DOS partition table
   s   create a new empty Sun partition table

# 选n选项创建分区
Command (m for help): n
Partition type
   p   primary (0 primary, 0 extended, 4 free)
   e   extended (container for logical partitions)
Select (default p): p			# 创建主分区
Partition number (1-4, default 1): 
First sector (2048-104857599, default 2048): 
Last sector, +sectors or +size{K,M,G,T,P} (2048-104857599, default 104857599): +10G

Created a new partition 1 of type 'Linux' and of size 10 GiB.

# 修改分区的类型
Command (m for help): t
Selected partition 1 # 选择需要修改的分区类型
Hex code (type L to list all codes): L	# 查看所有分区类型

 0  Empty           24  NEC DOS         81  Minix / old Lin bf  Solaris        
 1  FAT12           27  Hidden NTFS Win 82  Linux swap / So c1  DRDOS/sec (FAT-
 2  XENIX root      39  Plan 9          83  Linux           c4  DRDOS/sec (FAT-
 3  XENIX usr       3c  PartitionMagic  84  OS/2 hidden or  c6  DRDOS/sec (FAT-
 4  FAT16 <32M      40  Venix 80286     85  Linux extended  c7  Syrinx         
 5  Extended        41  PPC PReP Boot   86  NTFS volume set da  Non-FS data    
 6  FAT16           42  SFS             87  NTFS volume set db  CP/M / CTOS / .
 7  HPFS/NTFS/exFAT 4d  QNX4.x          88  Linux plaintext de  Dell Utility   
 8  AIX             4e  QNX4.x 2nd part 8e  Linux LVM       df  BootIt         
 9  AIX bootable    4f  QNX4.x 3rd part 93  Amoeba          e1  DOS access     
 a  OS/2 Boot Manag 50  OnTrack DM      94  Amoeba BBT      e3  DOS R/O        
 b  W95 FAT32       51  OnTrack DM6 Aux 9f  BSD/OS          e4  SpeedStor      
 c  W95 FAT32 (LBA) 52  CP/M            a0  IBM Thinkpad hi ea  Rufus alignment
 e  W95 FAT16 (LBA) 53  OnTrack DM6 Aux a5  FreeBSD         eb  BeOS fs        
 f  W95 Ext'd (LBA) 54  OnTrackDM6      a6  OpenBSD         ee  GPT            
10  OPUS            55  EZ-Drive        a7  NeXTSTEP        ef  EFI (FAT-12/16/
11  Hidden FAT12    56  Golden Bow      a8  Darwin UFS      f0  Linux/PA-RISC b
12  Compaq diagnost 5c  Priam Edisk     a9  NetBSD          f1  SpeedStor      
14  Hidden FAT16 <3 61  SpeedStor       ab  Darwin boot     f4  SpeedStor      
16  Hidden FAT16    63  GNU HURD or Sys af  HFS / HFS+      f2  DOS secondary  
17  Hidden HPFS/NTF 64  Novell Netware  b7  BSDI fs         fb  VMware VMFS    
18  AST SmartSleep  65  Novell Netware  b8  BSDI swap       fc  VMware VMKCORE 
1b  Hidden W95 FAT3 70  DiskSecure Mult bb  Boot Wizard hid fd  Linux raid auto
1c  Hidden W95 FAT3 75  PC/IX           bc  Acronis FAT32 L fe  LANstep        
1e  Hidden W95 FAT1 80  Old Minix       be  Solaris boot    ff  BBT            
Hex code (type L to list all codes): 83			# Linux为83
Changed type of partition 'Linux' to 'Linux'.

# 修改分区类型后查看分区信息
Command (m for help): p
Disk /dev/vdb: 50 GiB, 53687091200 bytes, 104857600 sectors
Units: sectors of 1 * 512 = 512 bytes
Sector size (logical/physical): 512 bytes / 512 bytes
I/O size (minimum/optimal): 512 bytes / 512 bytes
Disklabel type: dos
Disk identifier: 0x5b803719

Device     Boot Start      End  Sectors Size Id Type
/dev/vdb1        2048 20973567 20971520  10G 83 Linux

# 到此位置所有的分区还没有正式生效，一旦写入磁盘将生效
Command (m for help): w	# 写入磁盘
The partition table has been altered.
Calling ioctl() to re-read partition table.
Syncing disks.

# 查看磁盘分区信息(硬盘信息)
[root@mylinuxops ~]# fdisk -l /dev/vdb
Disk /dev/vdb: 50 GiB, 53687091200 bytes, 104857600 sectors
Units: sectors of 1 * 512 = 512 bytes
Sector size (logical/physical): 512 bytes / 512 bytes
I/O size (minimum/optimal): 512 bytes / 512 bytes
Disklabel type: dos
Disk identifier: 0x5b803719

Device     Boot Start      End  Sectors Size Id Type
/dev/vdb1        2048 20973567 20971520  10G 83 Linux
# 查看磁盘分区信息(内存信息)
[root@mylinuxops ~]# cat /proc/partitions 
major minor  #blocks  name

 253        0  209715200 vda
 253        1     512000 vda1
 253        2  207105024 vda2
 253        3    2097152 vda3
  11        0    1048575 sr0
 253       16   52428800 vdb
 253       17   10485760 vdb1
# 查看分区信息(内存信息)(内存信息)
[root@mylinuxops ~]# lsblk 
NAME   MAJ:MIN RM   SIZE RO TYPE MOUNTPOINT
sr0     11:0    1  1024M  0 rom  
vda    253:0    0   200G  0 disk 
├─vda1 253:1    0   500M  0 part /boot
├─vda2 253:2    0 197.5G  0 part /
└─vda3 253:3    0     2G  0 part [SWAP]
vdb    253:16   0    50G  0 disk 
└─vdb1 253:17   0    10G  0 part 
# 查看/dev/vdb*的设备(内存信息)
[root@mylinuxops ~]# ls /dev/vdb*
/dev/vdb  /dev/vdb1
```

需要注意，虽然同为查看磁盘分区信息，但还是有一定区别的。因为内存中的数据来自于硬盘，硬盘中的数据有可能不能立即复制到内存中，从而导致内存中的分区表和硬盘上的分区表不一致。不一致所导致的结果就是使用`fdisk -l`查看到的命令和其他3个命令所看到的结果不一样。而对于计算机来说内存中的数据为生效的数据，若磁盘上的分区没有同步到内存中，那么后续的操作将无法正常进行，因为在内存中找不到该磁盘的信息。

```bash
# CentOS7以上遇到以上问题时执行partprobe命令
[root@mylinuxops ~]# partprobe

# CentOS6遇到此类问题需要分为两种情况
# 添加完分区后，需要使用partx命令来同步
[root@mylinuxops ~]# partx -a /dev/vdb
# 删除分区，则需要使用partx -d来同步
[root@mylinuxops ~]# partx -d -nr NUM /dev/vdb  # NUM为被删除的分区数字
```

